
> react-kavia@0.1.0 start
> cross-env EDIT_MODE=true webpack serve --config .ve/webpack.config.js --mode development

<i> [webpack-dev-server] Project is running at:
<i> [webpack-dev-server] Loopback: http://localhost:3000/, http://[::1]:3000/
<i> [webpack-dev-server] On Your Network (IPv4): http://172.17.0.2:3000/
<i> [webpack-dev-server] Content not from webpack is served from './public' directory
Injecting EditorRootWrapper import: ../.ve/EditorRootWrapper
asset bundle.js 1.39 MiB [emitted] (name: main)
asset index.html 1.98 KiB [emitted]
runtime modules 27.5 KiB 14 modules
modules by path ./node_modules/ 1.24 MiB 31 modules
modules by path ./src/ 10.3 KiB
  modules by path ./src/*.css 7.49 KiB 4 modules
  modules by path ./src/*.js 2.76 KiB
    ./src/index.js 530 bytes [built] [code generated]
    ./src/App.js 2.25 KiB [built] [code generated]
modules by path ./.ve/ 15.1 KiB
  modules by path ./.ve/*.js 10.6 KiB 2 modules
  modules by path ./.ve/*.css 2.93 KiB
    ./.ve/EditorOverlay.css 2.25 KiB [built] [code generated]
    ./node_modules/css-loader/dist/cjs.js!./.ve/EditorOverlay.css 697 bytes [built] [code generated]
  ./.ve/EditorOverlay.jsx 1.58 KiB [built] [code generated]
webpack 5.99.9 compiled successfully in 1443 ms
assets by status 1.98 KiB [cached] 1 asset
assets by path *.js 1.41 MiB
  asset bundle.js 1.4 MiB [emitted] (name: main)
  asset main.cc70c6d6c2160dd0069f.hot-update.js 10 KiB [emitted] [immutable] [hmr] (name: main)
asset main.cc70c6d6c2160dd0069f.hot-update.json 28 bytes [emitted] [immutable] [hmr]
Entrypoint main 1.41 MiB = bundle.js 1.4 MiB main.cc70c6d6c2160dd0069f.hot-update.js 10 KiB
cached modules 1.26 MiB [cached] 41 modules
runtime modules 27.5 KiB 14 modules
./src/App.js 5.62 KiB [built] [code generated]

ERROR in ./src/App.js 3:0-49
Module not found: Error: Can't resolve './components/MapSection' in '/home/kavia/workspace/code-generation/nightsafe-walks-64072-5e446f83/nightsafe_walks_frontend/src'
 @ ./src/index.js 5:0-24 11:32-35

ERROR in ./src/App.js 4:0-55
Module not found: Error: Can't resolve './components/WeatherWidget' in '/home/kavia/workspace/code-generation/nightsafe-walks-64072-5e446f83/nightsafe_walks_frontend/src'
 @ ./src/index.js 5:0-24 11:32-35

ERROR in ./src/App.js 5:0-61
Module not found: Error: Can't resolve './components/RouteSafetyPanel' in '/home/kavia/workspace/code-generation/nightsafe-walks-64072-5e446f83/nightsafe_walks_frontend/src'
 @ ./src/index.js 5:0-24 11:32-35

ERROR in ./src/App.js 6:0-47
Module not found: Error: Can't resolve './components/SOSButton' in '/home/kavia/workspace/code-generation/nightsafe-walks-64072-5e446f83/nightsafe_walks_frontend/src'
 @ ./src/index.js 5:0-24 11:32-35

ERROR in ./src/App.js 7:0-53
Module not found: Error: Can't resolve './components/FeedbackForm' in '/home/kavia/workspace/code-generation/nightsafe-walks-64072-5e446f83/nightsafe_walks_frontend/src'
 @ ./src/index.js 5:0-24 11:32-35

5 errors have detailed information that is not shown.
Use 'stats.errorDetails: true' resp. '--stats-error-details' to show it.

webpack 5.99.9 compiled with 5 errors in 95 ms
assets by status 1.98 KiB [cached] 1 asset
assets by path *.js 1.41 MiB
  asset bundle.js 1.4 MiB [emitted] (name: main)
  asset main.98c1d4846155f2af5885.hot-update.js 8.78 KiB [emitted] [immutable] [hmr] (name: main)
asset main.98c1d4846155f2af5885.hot-update.json 28 bytes [emitted] [immutable] [hmr]
Entrypoint main 1.41 MiB = bundle.js 1.4 MiB main.98c1d4846155f2af5885.hot-update.js 8.78 KiB
cached modules 1.27 MiB [cached] 41 modules
runtime modules 27.5 KiB 14 modules
./node_modules/css-loader/dist/cjs.js!./src/App.css 6.13 KiB [built] [code generated]

ERROR in ./src/App.js 3:0-49
Module not found: Error: Can't resolve './components/MapSection' in '/home/kavia/workspace/code-generation/nightsafe-walks-64072-5e446f83/nightsafe_walks_frontend/src'
 @ ./src/index.js 5:0-24 11:32-35

ERROR in ./src/App.js 4:0-55
Module not found: Error: Can't resolve './components/WeatherWidget' in '/home/kavia/workspace/code-generation/nightsafe-walks-64072-5e446f83/nightsafe_walks_frontend/src'
 @ ./src/index.js 5:0-24 11:32-35

ERROR in ./src/App.js 5:0-61
Module not found: Error: Can't resolve './components/RouteSafetyPanel' in '/home/kavia/workspace/code-generation/nightsafe-walks-64072-5e446f83/nightsafe_walks_frontend/src'
 @ ./src/index.js 5:0-24 11:32-35

ERROR in ./src/App.js 6:0-47
Module not found: Error: Can't resolve './components/SOSButton' in '/home/kavia/workspace/code-generation/nightsafe-walks-64072-5e446f83/nightsafe_walks_frontend/src'
 @ ./src/index.js 5:0-24 11:32-35

ERROR in ./src/App.js 7:0-53
Module not found: Error: Can't resolve './components/FeedbackForm' in '/home/kavia/workspace/code-generation/nightsafe-walks-64072-5e446f83/nightsafe_walks_frontend/src'
 @ ./src/index.js 5:0-24 11:32-35

5 errors have detailed information that is not shown.
Use 'stats.errorDetails: true' resp. '--stats-error-details' to show it.

webpack 5.99.9 compiled with 5 errors in 51 ms
assets by status 1.98 KiB [cached] 1 asset
assets by path *.js 1.42 MiB
  asset bundle.js 1.41 MiB [emitted] (name: main)
  asset main.6b53c7561a0709e2e02e.hot-update.js 14.4 KiB [emitted] [immutable] [hmr] (name: main)
asset main.6b53c7561a0709e2e02e.hot-update.json 28 bytes [emitted] [immutable] [hmr]
Entrypoint main 1.42 MiB = bundle.js 1.41 MiB main.6b53c7561a0709e2e02e.hot-update.js 14.4 KiB
cached modules 1.27 MiB [cached] 41 modules
runtime modules 27.5 KiB 14 modules
javascript modules 8.45 KiB
  ./src/App.js 5.62 KiB [code generated]
  ./src/components/MapSection.js 2.83 KiB [built] [code generated]

ERROR in ./src/App.js 4:0-55
Module not found: Error: Can't resolve './components/WeatherWidget' in '/home/kavia/workspace/code-generation/nightsafe-walks-64072-5e446f83/nightsafe_walks_frontend/src'
 @ ./src/index.js 5:0-24 11:32-35

ERROR in ./src/App.js 5:0-61
Module not found: Error: Can't resolve './components/RouteSafetyPanel' in '/home/kavia/workspace/code-generation/nightsafe-walks-64072-5e446f83/nightsafe_walks_frontend/src'
 @ ./src/index.js 5:0-24 11:32-35

ERROR in ./src/App.js 6:0-47
Module not found: Error: Can't resolve './components/SOSButton' in '/home/kavia/workspace/code-generation/nightsafe-walks-64072-5e446f83/nightsafe_walks_frontend/src'
 @ ./src/index.js 5:0-24 11:32-35

ERROR in ./src/App.js 7:0-53
Module not found: Error: Can't resolve './components/FeedbackForm' in '/home/kavia/workspace/code-generation/nightsafe-walks-64072-5e446f83/nightsafe_walks_frontend/src'
 @ ./src/index.js 5:0-24 11:32-35

4 errors have detailed information that is not shown.
Use 'stats.errorDetails: true' resp. '--stats-error-details' to show it.

webpack 5.99.9 compiled with 4 errors in 61 ms
assets by status 1.98 KiB [cached] 1 asset
assets by path *.js 1.42 MiB
  asset bundle.js 1.41 MiB [emitted] (name: main)
  asset main.156e1387115d0e96cf6b.hot-update.js 14.2 KiB [emitted] [immutable] [hmr] (name: main)
asset main.156e1387115d0e96cf6b.hot-update.json 28 bytes [emitted] [immutable] [hmr]
Entrypoint main 1.42 MiB = bundle.js 1.41 MiB main.156e1387115d0e96cf6b.hot-update.js 14.2 KiB
cached modules 1.27 MiB [cached] 42 modules
runtime modules 27.5 KiB 14 modules
javascript modules 8.06 KiB
  ./src/App.js 5.62 KiB [code generated]
  ./src/components/WeatherWidget.js 2.44 KiB [built] [code generated]

ERROR in ./src/App.js 5:0-61
Module not found: Error: Can't resolve './components/RouteSafetyPanel' in '/home/kavia/workspace/code-generation/nightsafe-walks-64072-5e446f83/nightsafe_walks_frontend/src'
 @ ./src/index.js 5:0-24 11:32-35

ERROR in ./src/App.js 6:0-47
Module not found: Error: Can't resolve './components/SOSButton' in '/home/kavia/workspace/code-generation/nightsafe-walks-64072-5e446f83/nightsafe_walks_frontend/src'
 @ ./src/index.js 5:0-24 11:32-35

ERROR in ./src/App.js 7:0-53
Module not found: Error: Can't resolve './components/FeedbackForm' in '/home/kavia/workspace/code-generation/nightsafe-walks-64072-5e446f83/nightsafe_walks_frontend/src'
 @ ./src/index.js 5:0-24 11:32-35

3 errors have detailed information that is not shown.
Use 'stats.errorDetails: true' resp. '--stats-error-details' to show it.

webpack 5.99.9 compiled with 3 errors in 59 ms
assets by status 1.98 KiB [cached] 1 asset
assets by path *.js 1.42 MiB
  asset bundle.js 1.41 MiB [emitted] (name: main)
  asset main.8ac66c7fc760744f29cd.hot-update.js 12.9 KiB [emitted] [immutable] [hmr] (name: main)
asset main.8ac66c7fc760744f29cd.hot-update.json 28 bytes [emitted] [immutable] [hmr]
Entrypoint main 1.42 MiB = bundle.js 1.41 MiB main.8ac66c7fc760744f29cd.hot-update.js 12.9 KiB
cached modules 1.27 MiB [cached] 43 modules
runtime modules 27.5 KiB 14 modules
javascript modules 7.26 KiB
  ./src/App.js 5.62 KiB [code generated]
  ./src/components/RouteSafetyPanel.js 1.65 KiB [built] [code generated]

ERROR in ./src/App.js 6:0-47
Module not found: Error: Can't resolve './components/SOSButton' in '/home/kavia/workspace/code-generation/nightsafe-walks-64072-5e446f83/nightsafe_walks_frontend/src'
resolve './components/SOSButton' in '/home/kavia/workspace/code-generation/nightsafe-walks-64072-5e446f83/nightsafe_walks_frontend/src'
  using description file: /home/kavia/workspace/code-generation/nightsafe-walks-64072-5e446f83/nightsafe_walks_frontend/package.json (relative path: ./src)
    Field 'browser' doesn't contain a valid alias configuration
    using description file: /home/kavia/workspace/code-generation/nightsafe-walks-64072-5e446f83/nightsafe_walks_frontend/package.json (relative path: ./src/components/SOSButton)
      no extension
        Field 'browser' doesn't contain a valid alias configuration
        /home/kavia/workspace/code-generation/nightsafe-walks-64072-5e446f83/nightsafe_walks_frontend/src/components/SOSButton doesn't exist
      .js
        Field 'browser' doesn't contain a valid alias configuration
        /home/kavia/workspace/code-generation/nightsafe-walks-64072-5e446f83/nightsafe_walks_frontend/src/components/SOSButton.js doesn't exist
      .jsx
        Field 'browser' doesn't contain a valid alias configuration
        /home/kavia/workspace/code-generation/nightsafe-walks-64072-5e446f83/nightsafe_walks_frontend/src/components/SOSButton.jsx doesn't exist
      as directory
        /home/kavia/workspace/code-generation/nightsafe-walks-64072-5e446f83/nightsafe_walks_frontend/src/components/SOSButton doesn't exist
 @ ./src/index.js 5:0-24 11:32-35

ERROR in ./src/App.js 7:0-53
Module not found: Error: Can't resolve './components/FeedbackForm' in '/home/kavia/workspace/code-generation/nightsafe-walks-64072-5e446f83/nightsafe_walks_frontend/src'
resolve './components/FeedbackForm' in '/home/kavia/workspace/code-generation/nightsafe-walks-64072-5e446f83/nightsafe_walks_frontend/src'
  using description file: /home/kavia/workspace/code-generation/nightsafe-walks-64072-5e446f83/nightsafe_walks_frontend/package.json (relative path: ./src)
    Field 'browser' doesn't contain a valid alias configuration
    using description file: /home/kavia/workspace/code-generation/nightsafe-walks-64072-5e446f83/nightsafe_walks_frontend/package.json (relative path: ./src/components/FeedbackForm)
      no extension
        Field 'browser' doesn't contain a valid alias configuration
        /home/kavia/workspace/code-generation/nightsafe-walks-64072-5e446f83/nightsafe_walks_frontend/src/components/FeedbackForm doesn't exist
      .js
        Field 'browser' doesn't contain a valid alias configuration
        /home/kavia/workspace/code-generation/nightsafe-walks-64072-5e446f83/nightsafe_walks_frontend/src/components/FeedbackForm.js doesn't exist
      .jsx
        Field 'browser' doesn't contain a valid alias configuration
        /home/kavia/workspace/code-generation/nightsafe-walks-64072-5e446f83/nightsafe_walks_frontend/src/components/FeedbackForm.jsx doesn't exist
      as directory
        /home/kavia/workspace/code-generation/nightsafe-walks-64072-5e446f83/nightsafe_walks_frontend/src/components/FeedbackForm doesn't exist
 @ ./src/index.js 5:0-24 11:32-35

webpack 5.99.9 compiled with 2 errors in 42 ms
assets by status 1.98 KiB [cached] 1 asset
assets by path *.js 1.43 MiB
  asset bundle.js 1.41 MiB [emitted] (name: main)
  asset main.37b733185fd38d9738f0.hot-update.js 12.2 KiB [emitted] [immutable] [hmr] (name: main)
asset main.37b733185fd38d9738f0.hot-update.json 28 bytes [emitted] [immutable] [hmr]
Entrypoint main 1.43 MiB = bundle.js 1.41 MiB main.37b733185fd38d9738f0.hot-update.js 12.2 KiB
cached modules 1.27 MiB [cached] 44 modules
runtime modules 27.5 KiB 14 modules
javascript modules 6.8 KiB
  ./src/App.js 5.62 KiB [code generated]
  ./src/components/SOSButton.js 1.18 KiB [built] [code generated]

ERROR in ./src/App.js 7:0-53
Module not found: Error: Can't resolve './components/FeedbackForm' in '/home/kavia/workspace/code-generation/nightsafe-walks-64072-5e446f83/nightsafe_walks_frontend/src'
resolve './components/FeedbackForm' in '/home/kavia/workspace/code-generation/nightsafe-walks-64072-5e446f83/nightsafe_walks_frontend/src'
  using description file: /home/kavia/workspace/code-generation/nightsafe-walks-64072-5e446f83/nightsafe_walks_frontend/package.json (relative path: ./src)
    Field 'browser' doesn't contain a valid alias configuration
    using description file: /home/kavia/workspace/code-generation/nightsafe-walks-64072-5e446f83/nightsafe_walks_frontend/package.json (relative path: ./src/components/FeedbackForm)
      no extension
        Field 'browser' doesn't contain a valid alias configuration
        /home/kavia/workspace/code-generation/nightsafe-walks-64072-5e446f83/nightsafe_walks_frontend/src/components/FeedbackForm doesn't exist
      .js
        Field 'browser' doesn't contain a valid alias configuration
        /home/kavia/workspace/code-generation/nightsafe-walks-64072-5e446f83/nightsafe_walks_frontend/src/components/FeedbackForm.js doesn't exist
      .jsx
        Field 'browser' doesn't contain a valid alias configuration
        /home/kavia/workspace/code-generation/nightsafe-walks-64072-5e446f83/nightsafe_walks_frontend/src/components/FeedbackForm.jsx doesn't exist
      as directory
        /home/kavia/workspace/code-generation/nightsafe-walks-64072-5e446f83/nightsafe_walks_frontend/src/components/FeedbackForm doesn't exist
 @ ./src/index.js 5:0-24 11:32-35

webpack 5.99.9 compiled with 1 error in 40 ms
assets by status 1.98 KiB [cached] 1 asset
assets by path *.js 1.43 MiB
  asset bundle.js 1.42 MiB [emitted] (name: main)
  asset main.e3291388c9eb13308285.hot-update.js 12.6 KiB [emitted] [immutable] [hmr] (name: main)
asset main.e3291388c9eb13308285.hot-update.json 28 bytes [emitted] [immutable] [hmr]
Entrypoint main 1.43 MiB = bundle.js 1.42 MiB main.e3291388c9eb13308285.hot-update.js 12.6 KiB
cached modules 1.27 MiB [cached] 45 modules
runtime modules 27.5 KiB 14 modules
javascript modules 7.21 KiB
  ./src/App.js 5.62 KiB [code generated]
  ./src/components/FeedbackForm.js 1.59 KiB [built] [code generated]
webpack 5.99.9 compiled successfully in 39 ms
